// Jest Snapshot v1, https://goo.gl/fbAQLP

exports[`matches snapshot 1`] = `
<div
  className="multiSelect"
  data-testid="enroll-1"
>
  <div
    className=" css-b62m3t-container"
    onKeyDown={[Function]}
  >
    <span
      className="css-1f43avz-a11yText-A11yText"
      id="react-select-18-live-region"
    />
    <span
      aria-atomic="false"
      aria-live="polite"
      aria-relevant="additions text"
      className="css-1f43avz-a11yText-A11yText"
    />
    <div
      className=" css-1ifcq68-control"
      onMouseDown={[Function]}
      onTouchEnd={[Function]}
    >
      <div
        className=" css-1fdsijx-ValueContainer"
      >
        <div
          className=" css-1550uzu-placeholder"
          id="react-select-18-placeholder"
        >
          Faculty
        </div>
        <div
          className=" css-p4kzcr-Input"
          data-value=""
        >
          <input
            aria-autocomplete="list"
            aria-describedby="react-select-18-placeholder"
            aria-expanded={false}
            aria-haspopup={true}
            autoCapitalize="none"
            autoComplete="off"
            autoCorrect="off"
            className=""
            disabled={false}
            id="react-select-18-input"
            onBlur={[Function]}
            onChange={[Function]}
            onFocus={[Function]}
            role="combobox"
            spellCheck="false"
            style={
              Object {
                "background": 0,
                "border": 0,
                "color": "inherit",
                "font": "inherit",
                "gridArea": "1 / 2",
                "label": "input",
                "margin": 0,
                "minWidth": "2px",
                "opacity": 1,
                "outline": 0,
                "padding": 0,
                "width": "100%",
              }
            }
            tabIndex={0}
            type="text"
            value=""
          />
        </div>
      </div>
      <div
        className=" css-1hb7zxy-IndicatorsContainer"
      >
        <span
          className=" css-1u9des2-indicatorSeparator"
        />
        <div
          aria-hidden="true"
          className=" css-1xc3v61-indicatorContainer"
          onMouseDown={[Function]}
          onTouchEnd={[Function]}
        >
          <svg
            aria-hidden="true"
            className="css-tj5bde-Svg"
            focusable="false"
            height={20}
            viewBox="0 0 20 20"
            width={20}
          >
            <path
              d="M4.516 7.548c0.436-0.446 1.043-0.481 1.576 0l3.908 3.747 3.908-3.747c0.533-0.481 1.141-0.446 1.574 0 0.436 0.445 0.408 1.197 0 1.615-0.406 0.418-4.695 4.502-4.695 4.502-0.217 0.223-0.502 0.335-0.787 0.335s-0.57-0.112-0.789-0.335c0 0-4.287-4.084-4.695-4.502s-0.436-1.17 0-1.615z"
            />
          </svg>
        </div>
      </div>
    </div>
  </div>
  <label />
  <div
    className=" css-b62m3t-container"
    onKeyDown={[Function]}
  >
    <span
      className="css-1f43avz-a11yText-A11yText"
      id="react-select-19-live-region"
    />
    <span
      aria-atomic="false"
      aria-live="polite"
      aria-relevant="additions text"
      className="css-1f43avz-a11yText-A11yText"
    />
    <div
      className=" css-1ifcq68-control"
      onMouseDown={[Function]}
      onTouchEnd={[Function]}
    >
      <div
        className=" css-1fdsijx-ValueContainer"
      >
        <div
          className=" css-1550uzu-placeholder"
          id="react-select-19-placeholder"
        >
          Admission Year
        </div>
        <div
          className=" css-p4kzcr-Input"
          data-value=""
        >
          <input
            aria-autocomplete="list"
            aria-describedby="react-select-19-placeholder"
            aria-expanded={false}
            aria-haspopup={true}
            autoCapitalize="none"
            autoComplete="off"
            autoCorrect="off"
            className=""
            disabled={false}
            id="react-select-19-input"
            onBlur={[Function]}
            onChange={[Function]}
            onFocus={[Function]}
            role="combobox"
            spellCheck="false"
            style={
              Object {
                "background": 0,
                "border": 0,
                "color": "inherit",
                "font": "inherit",
                "gridArea": "1 / 2",
                "label": "input",
                "margin": 0,
                "minWidth": "2px",
                "opacity": 1,
                "outline": 0,
                "padding": 0,
                "width": "100%",
              }
            }
            tabIndex={0}
            type="text"
            value=""
          />
        </div>
      </div>
      <div
        className=" css-1hb7zxy-IndicatorsContainer"
      >
        <span
          className=" css-1u9des2-indicatorSeparator"
        />
        <div
          aria-hidden="true"
          className=" css-1xc3v61-indicatorContainer"
          onMouseDown={[Function]}
          onTouchEnd={[Function]}
        >
          <svg
            aria-hidden="true"
            className="css-tj5bde-Svg"
            focusable="false"
            height={20}
            viewBox="0 0 20 20"
            width={20}
          >
            <path
              d="M4.516 7.548c0.436-0.446 1.043-0.481 1.576 0l3.908 3.747 3.908-3.747c0.533-0.481 1.141-0.446 1.574 0 0.436 0.445 0.408 1.197 0 1.615-0.406 0.418-4.695 4.502-4.695 4.502-0.217 0.223-0.502 0.335-0.787 0.335s-0.57-0.112-0.789-0.335c0 0-4.287-4.084-4.695-4.502s-0.436-1.17 0-1.615z"
            />
          </svg>
        </div>
      </div>
    </div>
  </div>
  <label />
  <div
    className=" css-b62m3t-container"
    onKeyDown={[Function]}
  >
    <span
      className="css-1f43avz-a11yText-A11yText"
      id="react-select-20-live-region"
    />
    <span
      aria-atomic="false"
      aria-live="polite"
      aria-relevant="additions text"
      className="css-1f43avz-a11yText-A11yText"
    />
    <div
      className=" css-1ifcq68-control"
      onMouseDown={[Function]}
      onTouchEnd={[Function]}
    >
      <div
        className=" css-1fdsijx-ValueContainer"
      >
        <div
          className=" css-1550uzu-placeholder"
          id="react-select-20-placeholder"
        >
          Program
        </div>
        <div
          className=" css-p4kzcr-Input"
          data-value=""
        >
          <input
            aria-autocomplete="list"
            aria-describedby="react-select-20-placeholder"
            aria-expanded={false}
            aria-haspopup={true}
            autoCapitalize="none"
            autoComplete="off"
            autoCorrect="off"
            className=""
            disabled={false}
            id="react-select-20-input"
            onBlur={[Function]}
            onChange={[Function]}
            onFocus={[Function]}
            role="combobox"
            spellCheck="false"
            style={
              Object {
                "background": 0,
                "border": 0,
                "color": "inherit",
                "font": "inherit",
                "gridArea": "1 / 2",
                "label": "input",
                "margin": 0,
                "minWidth": "2px",
                "opacity": 1,
                "outline": 0,
                "padding": 0,
                "width": "100%",
              }
            }
            tabIndex={0}
            type="text"
            value=""
          />
        </div>
      </div>
      <div
        className=" css-1hb7zxy-IndicatorsContainer"
      >
        <span
          className=" css-1u9des2-indicatorSeparator"
        />
        <div
          aria-hidden="true"
          className=" css-1xc3v61-indicatorContainer"
          onMouseDown={[Function]}
          onTouchEnd={[Function]}
        >
          <svg
            aria-hidden="true"
            className="css-tj5bde-Svg"
            focusable="false"
            height={20}
            viewBox="0 0 20 20"
            width={20}
          >
            <path
              d="M4.516 7.548c0.436-0.446 1.043-0.481 1.576 0l3.908 3.747 3.908-3.747c0.533-0.481 1.141-0.446 1.574 0 0.436 0.445 0.408 1.197 0 1.615-0.406 0.418-4.695 4.502-4.695 4.502-0.217 0.223-0.502 0.335-0.787 0.335s-0.57-0.112-0.789-0.335c0 0-4.287-4.084-4.695-4.502s-0.436-1.17 0-1.615z"
            />
          </svg>
        </div>
      </div>
    </div>
  </div>
  <label />
  <div
    className="basic-multi-select css-b62m3t-container"
    onKeyDown={[Function]}
  >
    <span
      className="css-1f43avz-a11yText-A11yText"
      id="react-select-21-live-region"
    />
    <span
      aria-atomic="false"
      aria-live="polite"
      aria-relevant="additions text"
      className="css-1f43avz-a11yText-A11yText"
    />
    <div
      className="select__control css-1ifcq68-control"
      onMouseDown={[Function]}
      onTouchEnd={[Function]}
    >
      <div
        className="select__value-container select__value-container--is-multi css-1fdsijx-ValueContainer"
      >
        <div
          className="select__placeholder css-1550uzu-placeholder"
          id="react-select-21-placeholder"
        >
          Courses
        </div>
        <div
          className="select__input-container css-p4kzcr-Input"
          data-value=""
        >
          <input
            aria-autocomplete="list"
            aria-describedby="react-select-21-placeholder"
            aria-expanded={false}
            aria-haspopup={true}
            autoCapitalize="none"
            autoComplete="off"
            autoCorrect="off"
            className="select__input"
            disabled={false}
            id="react-select-21-input"
            onBlur={[Function]}
            onChange={[Function]}
            onFocus={[Function]}
            role="combobox"
            spellCheck="false"
            style={
              Object {
                "background": 0,
                "border": 0,
                "color": "inherit",
                "font": "inherit",
                "gridArea": "1 / 2",
                "label": "input",
                "margin": 0,
                "minWidth": "2px",
                "opacity": 1,
                "outline": 0,
                "padding": 0,
                "width": "100%",
              }
            }
            tabIndex={0}
            type="text"
            value=""
          />
        </div>
      </div>
      <div
        className="select__indicators css-1hb7zxy-IndicatorsContainer"
      >
        <span
          className="select__indicator-separator css-1u9des2-indicatorSeparator"
        />
        <div
          aria-hidden="true"
          className="select__indicator select__dropdown-indicator css-1xc3v61-indicatorContainer"
          onMouseDown={[Function]}
          onTouchEnd={[Function]}
        >
          <svg
            aria-hidden="true"
            className="css-tj5bde-Svg"
            focusable="false"
            height={20}
            viewBox="0 0 20 20"
            width={20}
          >
            <path
              d="M4.516 7.548c0.436-0.446 1.043-0.481 1.576 0l3.908 3.747 3.908-3.747c0.533-0.481 1.141-0.446 1.574 0 0.436 0.445 0.408 1.197 0 1.615-0.406 0.418-4.695 4.502-4.695 4.502-0.217 0.223-0.502 0.335-0.787 0.335s-0.57-0.112-0.789-0.335c0 0-4.287-4.084-4.695-4.502s-0.436-1.17 0-1.615z"
            />
          </svg>
        </div>
      </div>
    </div>
    <div>
      <input
        name="multi-select"
        type="hidden"
        value=""
      />
    </div>
  </div>
</div>
`;
