// Jest Snapshot v1, https://goo.gl/fbAQLP

exports[`matches snapshot 1`] = `
<div
  data-testid="identity-1"
>
  <br />
  <div
    className=" css-b62m3t-container"
    onKeyDown={[Function]}
  >
    <span
      className="css-1f43avz-a11yText-A11yText"
      id="react-select-6-live-region"
    />
    <span
      aria-atomic="false"
      aria-live="polite"
      aria-relevant="additions text"
      className="css-1f43avz-a11yText-A11yText"
    />
    <div
      className=" css-1ifcq68-control"
      onMouseDown={[Function]}
      onTouchEnd={[Function]}
    >
      <div
        className=" css-1fdsijx-ValueContainer"
      >
        <div
          className=" css-1550uzu-placeholder"
          id="react-select-6-placeholder"
        >
          --Select Profile Picture--
        </div>
        <div
          className=" css-qbdosj-Input"
          data-value=""
        >
          <input
            aria-autocomplete="list"
            aria-describedby="react-select-6-placeholder"
            aria-expanded={false}
            aria-haspopup={true}
            autoCapitalize="none"
            autoComplete="off"
            autoCorrect="off"
            className=""
            disabled={false}
            id="react-select-6-input"
            onBlur={[Function]}
            onChange={[Function]}
            onFocus={[Function]}
            role="combobox"
            spellCheck="false"
            style={
              Object {
                "background": 0,
                "border": 0,
                "color": "inherit",
                "font": "inherit",
                "gridArea": "1 / 2",
                "label": "input",
                "margin": 0,
                "minWidth": "2px",
                "opacity": 1,
                "outline": 0,
                "padding": 0,
                "width": "100%",
              }
            }
            tabIndex={0}
            type="text"
            value=""
          />
        </div>
      </div>
      <div
        className=" css-1i7e1ly-IndicatorsContainer"
      >
        <span
          className=" css-1u9des2-indicatorSeparator"
        />
        <div
          aria-hidden="true"
          className=" css-1xc3v61-indicatorContainer"
          onMouseDown={[Function]}
          onTouchEnd={[Function]}
        >
          <svg
            aria-hidden="true"
            className="css-tj5bde-Svg"
            focusable="false"
            height={20}
            viewBox="0 0 20 20"
            width={20}
          >
            <path
              d="M4.516 7.548c0.436-0.446 1.043-0.481 1.576 0l3.908 3.747 3.908-3.747c0.533-0.481 1.141-0.446 1.574 0 0.436 0.445 0.408 1.197 0 1.615-0.406 0.418-4.695 4.502-4.695 4.502-0.217 0.223-0.502 0.335-0.787 0.335s-0.57-0.112-0.789-0.335c0 0-4.287-4.084-4.695-4.502s-0.436-1.17 0-1.615z"
            />
          </svg>
        </div>
      </div>
    </div>
  </div>
  <input
    className="form-control"
    defaultValue=""
    onChange={[Function]}
    placeholder="First Name"
    type="text"
  />
  <input
    className="form-control"
    defaultValue=""
    onChange={[Function]}
    placeholder="Last Name"
    type="text"
  />
  <p
    className="errorMsg"
  />
  <div>
    <input
      autoComplete="off"
      checked={false}
      className="btn-check"
      disabled={false}
      id="toggle-check-female"
      onChange={[Function]}
      type="checkbox"
      value="female"
    />
    <label
      className="mx-1 my-1 btn btn-outline-primary"
      disabled={false}
      htmlFor="toggle-check-female"
      onClick={[Function]}
      onKeyDown={[Function]}
      tabIndex={0}
    >
      Female
    </label>
    <input
      autoComplete="off"
      checked={false}
      className="btn-check"
      disabled={false}
      id="toggle-check-male"
      onChange={[Function]}
      type="checkbox"
      value="male"
    />
    <label
      className="mx-1 my-1 btn btn-outline-primary"
      disabled={false}
      htmlFor="toggle-check-male"
      onClick={[Function]}
      onKeyDown={[Function]}
      tabIndex={0}
    >
      Male
    </label>
    <input
      autoComplete="off"
      checked={false}
      className="btn-check"
      disabled={false}
      id="toggle-check-other"
      onChange={[Function]}
      type="checkbox"
      value="other"
    />
    <label
      className="mx-1 my-1 btn btn-outline-primary"
      disabled={false}
      htmlFor="toggle-check-other"
      onClick={[Function]}
      onKeyDown={[Function]}
      tabIndex={0}
    >
      Other
    </label>
  </div>
</div>
`;
