// Jest Snapshot v1, https://goo.gl/fbAQLP

exports[`matches snapshot 1`] = `
<div
  className="container-fluid row d-flex flex-row overflow-auto text-center"
  style={
    Object {
      "height": "93vh",
    }
  }
>
  <div
    className="row"
  >
    <div
      className="col-xl-5 col-6 m-auto"
      data-testid="modProfile-1"
    >
      <h1>
        ---Personal info---
      </h1>
      <div
        data-testid="identity-1"
      >
        <br />
        <div
          className=" css-b62m3t-container"
          onKeyDown={[Function]}
        >
          <span
            className="css-1f43avz-a11yText-A11yText"
            id="react-select-62-live-region"
          />
          <span
            aria-atomic="false"
            aria-live="polite"
            aria-relevant="additions text"
            className="css-1f43avz-a11yText-A11yText"
          />
          <div
            className=" css-1ifcq68-control"
            onMouseDown={[Function]}
            onTouchEnd={[Function]}
          >
            <div
              className=" css-1fdsijx-ValueContainer"
            >
              <div
                className=" css-1550uzu-placeholder"
                id="react-select-62-placeholder"
              >
                --Select Profile Picture--
              </div>
              <div
                className=" css-qbdosj-Input"
                data-value=""
              >
                <input
                  aria-autocomplete="list"
                  aria-describedby="react-select-62-placeholder"
                  aria-expanded={false}
                  aria-haspopup={true}
                  autoCapitalize="none"
                  autoComplete="off"
                  autoCorrect="off"
                  className=""
                  disabled={false}
                  id="react-select-62-input"
                  onBlur={[Function]}
                  onChange={[Function]}
                  onFocus={[Function]}
                  role="combobox"
                  spellCheck="false"
                  style={
                    Object {
                      "background": 0,
                      "border": 0,
                      "color": "inherit",
                      "font": "inherit",
                      "gridArea": "1 / 2",
                      "label": "input",
                      "margin": 0,
                      "minWidth": "2px",
                      "opacity": 1,
                      "outline": 0,
                      "padding": 0,
                      "width": "100%",
                    }
                  }
                  tabIndex={0}
                  type="text"
                  value=""
                />
              </div>
            </div>
            <div
              className=" css-1i7e1ly-IndicatorsContainer"
            >
              <span
                className=" css-1u9des2-indicatorSeparator"
              />
              <div
                aria-hidden="true"
                className=" css-1xc3v61-indicatorContainer"
                onMouseDown={[Function]}
                onTouchEnd={[Function]}
              >
                <svg
                  aria-hidden="true"
                  className="css-tj5bde-Svg"
                  focusable="false"
                  height={20}
                  viewBox="0 0 20 20"
                  width={20}
                >
                  <path
                    d="M4.516 7.548c0.436-0.446 1.043-0.481 1.576 0l3.908 3.747 3.908-3.747c0.533-0.481 1.141-0.446 1.574 0 0.436 0.445 0.408 1.197 0 1.615-0.406 0.418-4.695 4.502-4.695 4.502-0.217 0.223-0.502 0.335-0.787 0.335s-0.57-0.112-0.789-0.335c0 0-4.287-4.084-4.695-4.502s-0.436-1.17 0-1.615z"
                  />
                </svg>
              </div>
            </div>
          </div>
        </div>
        <input
          className="form-control"
          defaultValue=""
          onChange={[Function]}
          placeholder="First Name"
          type="text"
        />
        <input
          className="form-control"
          defaultValue=""
          onChange={[Function]}
          placeholder="Last Name"
          type="text"
        />
        <p
          className="errorMsg"
        />
        <div>
          <input
            autoComplete="off"
            checked={false}
            className="btn-check"
            disabled={false}
            id="toggle-check-female"
            onChange={[Function]}
            type="checkbox"
            value="female"
          />
          <label
            className="mx-1 my-1 btn btn-outline-primary"
            disabled={false}
            htmlFor="toggle-check-female"
            onClick={[Function]}
            onKeyDown={[Function]}
            tabIndex={0}
          >
            Female
          </label>
          <input
            autoComplete="off"
            checked={false}
            className="btn-check"
            disabled={false}
            id="toggle-check-male"
            onChange={[Function]}
            type="checkbox"
            value="male"
          />
          <label
            className="mx-1 my-1 btn btn-outline-primary"
            disabled={false}
            htmlFor="toggle-check-male"
            onClick={[Function]}
            onKeyDown={[Function]}
            tabIndex={0}
          >
            Male
          </label>
          <input
            autoComplete="off"
            checked={false}
            className="btn-check"
            disabled={false}
            id="toggle-check-other"
            onChange={[Function]}
            type="checkbox"
            value="other"
          />
          <label
            className="mx-1 my-1 btn btn-outline-primary"
            disabled={false}
            htmlFor="toggle-check-other"
            onClick={[Function]}
            onKeyDown={[Function]}
            tabIndex={0}
          >
            Other
          </label>
        </div>
      </div>
      <br />
      <h1>
        ---Enrollment info---
      </h1>
      <div
        className="multiSelect"
        data-testid="enroll-1"
      >
        <div
          className=" css-b62m3t-container"
          onKeyDown={[Function]}
        >
          <span
            className="css-1f43avz-a11yText-A11yText"
            id="react-select-63-live-region"
          />
          <span
            aria-atomic="false"
            aria-live="polite"
            aria-relevant="additions text"
            className="css-1f43avz-a11yText-A11yText"
          />
          <div
            className=" css-1ifcq68-control"
            onMouseDown={[Function]}
            onTouchEnd={[Function]}
          >
            <div
              className=" css-1fdsijx-ValueContainer"
            >
              <div
                className=" css-1550uzu-placeholder"
                id="react-select-63-placeholder"
              >
                Faculty
              </div>
              <div
                className=" css-p4kzcr-Input"
                data-value=""
              >
                <input
                  aria-autocomplete="list"
                  aria-describedby="react-select-63-placeholder"
                  aria-expanded={false}
                  aria-haspopup={true}
                  autoCapitalize="none"
                  autoComplete="off"
                  autoCorrect="off"
                  className=""
                  disabled={false}
                  id="react-select-63-input"
                  onBlur={[Function]}
                  onChange={[Function]}
                  onFocus={[Function]}
                  role="combobox"
                  spellCheck="false"
                  style={
                    Object {
                      "background": 0,
                      "border": 0,
                      "color": "inherit",
                      "font": "inherit",
                      "gridArea": "1 / 2",
                      "label": "input",
                      "margin": 0,
                      "minWidth": "2px",
                      "opacity": 1,
                      "outline": 0,
                      "padding": 0,
                      "width": "100%",
                    }
                  }
                  tabIndex={0}
                  type="text"
                  value=""
                />
              </div>
            </div>
            <div
              className=" css-1hb7zxy-IndicatorsContainer"
            >
              <span
                className=" css-1u9des2-indicatorSeparator"
              />
              <div
                aria-hidden="true"
                className=" css-1xc3v61-indicatorContainer"
                onMouseDown={[Function]}
                onTouchEnd={[Function]}
              >
                <svg
                  aria-hidden="true"
                  className="css-tj5bde-Svg"
                  focusable="false"
                  height={20}
                  viewBox="0 0 20 20"
                  width={20}
                >
                  <path
                    d="M4.516 7.548c0.436-0.446 1.043-0.481 1.576 0l3.908 3.747 3.908-3.747c0.533-0.481 1.141-0.446 1.574 0 0.436 0.445 0.408 1.197 0 1.615-0.406 0.418-4.695 4.502-4.695 4.502-0.217 0.223-0.502 0.335-0.787 0.335s-0.57-0.112-0.789-0.335c0 0-4.287-4.084-4.695-4.502s-0.436-1.17 0-1.615z"
                  />
                </svg>
              </div>
            </div>
          </div>
        </div>
        <label />
        <div
          className=" css-b62m3t-container"
          onKeyDown={[Function]}
        >
          <span
            className="css-1f43avz-a11yText-A11yText"
            id="react-select-64-live-region"
          />
          <span
            aria-atomic="false"
            aria-live="polite"
            aria-relevant="additions text"
            className="css-1f43avz-a11yText-A11yText"
          />
          <div
            className=" css-1ifcq68-control"
            onMouseDown={[Function]}
            onTouchEnd={[Function]}
          >
            <div
              className=" css-1fdsijx-ValueContainer"
            >
              <div
                className=" css-1550uzu-placeholder"
                id="react-select-64-placeholder"
              >
                Admission Year
              </div>
              <div
                className=" css-p4kzcr-Input"
                data-value=""
              >
                <input
                  aria-autocomplete="list"
                  aria-describedby="react-select-64-placeholder"
                  aria-expanded={false}
                  aria-haspopup={true}
                  autoCapitalize="none"
                  autoComplete="off"
                  autoCorrect="off"
                  className=""
                  disabled={false}
                  id="react-select-64-input"
                  onBlur={[Function]}
                  onChange={[Function]}
                  onFocus={[Function]}
                  role="combobox"
                  spellCheck="false"
                  style={
                    Object {
                      "background": 0,
                      "border": 0,
                      "color": "inherit",
                      "font": "inherit",
                      "gridArea": "1 / 2",
                      "label": "input",
                      "margin": 0,
                      "minWidth": "2px",
                      "opacity": 1,
                      "outline": 0,
                      "padding": 0,
                      "width": "100%",
                    }
                  }
                  tabIndex={0}
                  type="text"
                  value=""
                />
              </div>
            </div>
            <div
              className=" css-1hb7zxy-IndicatorsContainer"
            >
              <span
                className=" css-1u9des2-indicatorSeparator"
              />
              <div
                aria-hidden="true"
                className=" css-1xc3v61-indicatorContainer"
                onMouseDown={[Function]}
                onTouchEnd={[Function]}
              >
                <svg
                  aria-hidden="true"
                  className="css-tj5bde-Svg"
                  focusable="false"
                  height={20}
                  viewBox="0 0 20 20"
                  width={20}
                >
                  <path
                    d="M4.516 7.548c0.436-0.446 1.043-0.481 1.576 0l3.908 3.747 3.908-3.747c0.533-0.481 1.141-0.446 1.574 0 0.436 0.445 0.408 1.197 0 1.615-0.406 0.418-4.695 4.502-4.695 4.502-0.217 0.223-0.502 0.335-0.787 0.335s-0.57-0.112-0.789-0.335c0 0-4.287-4.084-4.695-4.502s-0.436-1.17 0-1.615z"
                  />
                </svg>
              </div>
            </div>
          </div>
        </div>
        <label />
        <div
          className=" css-b62m3t-container"
          onKeyDown={[Function]}
        >
          <span
            className="css-1f43avz-a11yText-A11yText"
            id="react-select-65-live-region"
          />
          <span
            aria-atomic="false"
            aria-live="polite"
            aria-relevant="additions text"
            className="css-1f43avz-a11yText-A11yText"
          />
          <div
            className=" css-1ifcq68-control"
            onMouseDown={[Function]}
            onTouchEnd={[Function]}
          >
            <div
              className=" css-1fdsijx-ValueContainer"
            >
              <div
                className=" css-1550uzu-placeholder"
                id="react-select-65-placeholder"
              >
                Program
              </div>
              <div
                className=" css-p4kzcr-Input"
                data-value=""
              >
                <input
                  aria-autocomplete="list"
                  aria-describedby="react-select-65-placeholder"
                  aria-expanded={false}
                  aria-haspopup={true}
                  autoCapitalize="none"
                  autoComplete="off"
                  autoCorrect="off"
                  className=""
                  disabled={false}
                  id="react-select-65-input"
                  onBlur={[Function]}
                  onChange={[Function]}
                  onFocus={[Function]}
                  role="combobox"
                  spellCheck="false"
                  style={
                    Object {
                      "background": 0,
                      "border": 0,
                      "color": "inherit",
                      "font": "inherit",
                      "gridArea": "1 / 2",
                      "label": "input",
                      "margin": 0,
                      "minWidth": "2px",
                      "opacity": 1,
                      "outline": 0,
                      "padding": 0,
                      "width": "100%",
                    }
                  }
                  tabIndex={0}
                  type="text"
                  value=""
                />
              </div>
            </div>
            <div
              className=" css-1hb7zxy-IndicatorsContainer"
            >
              <span
                className=" css-1u9des2-indicatorSeparator"
              />
              <div
                aria-hidden="true"
                className=" css-1xc3v61-indicatorContainer"
                onMouseDown={[Function]}
                onTouchEnd={[Function]}
              >
                <svg
                  aria-hidden="true"
                  className="css-tj5bde-Svg"
                  focusable="false"
                  height={20}
                  viewBox="0 0 20 20"
                  width={20}
                >
                  <path
                    d="M4.516 7.548c0.436-0.446 1.043-0.481 1.576 0l3.908 3.747 3.908-3.747c0.533-0.481 1.141-0.446 1.574 0 0.436 0.445 0.408 1.197 0 1.615-0.406 0.418-4.695 4.502-4.695 4.502-0.217 0.223-0.502 0.335-0.787 0.335s-0.57-0.112-0.789-0.335c0 0-4.287-4.084-4.695-4.502s-0.436-1.17 0-1.615z"
                  />
                </svg>
              </div>
            </div>
          </div>
        </div>
        <label />
        <div
          className="basic-multi-select css-b62m3t-container"
          onKeyDown={[Function]}
        >
          <span
            className="css-1f43avz-a11yText-A11yText"
            id="react-select-66-live-region"
          />
          <span
            aria-atomic="false"
            aria-live="polite"
            aria-relevant="additions text"
            className="css-1f43avz-a11yText-A11yText"
          />
          <div
            className="select__control css-1ifcq68-control"
            onMouseDown={[Function]}
            onTouchEnd={[Function]}
          >
            <div
              className="select__value-container select__value-container--is-multi css-1fdsijx-ValueContainer"
            >
              <div
                className="select__placeholder css-1550uzu-placeholder"
                id="react-select-66-placeholder"
              >
                Courses
              </div>
              <div
                className="select__input-container css-p4kzcr-Input"
                data-value=""
              >
                <input
                  aria-autocomplete="list"
                  aria-describedby="react-select-66-placeholder"
                  aria-expanded={false}
                  aria-haspopup={true}
                  autoCapitalize="none"
                  autoComplete="off"
                  autoCorrect="off"
                  className="select__input"
                  disabled={false}
                  id="react-select-66-input"
                  onBlur={[Function]}
                  onChange={[Function]}
                  onFocus={[Function]}
                  role="combobox"
                  spellCheck="false"
                  style={
                    Object {
                      "background": 0,
                      "border": 0,
                      "color": "inherit",
                      "font": "inherit",
                      "gridArea": "1 / 2",
                      "label": "input",
                      "margin": 0,
                      "minWidth": "2px",
                      "opacity": 1,
                      "outline": 0,
                      "padding": 0,
                      "width": "100%",
                    }
                  }
                  tabIndex={0}
                  type="text"
                  value=""
                />
              </div>
            </div>
            <div
              className="select__indicators css-1hb7zxy-IndicatorsContainer"
            >
              <span
                className="select__indicator-separator css-1u9des2-indicatorSeparator"
              />
              <div
                aria-hidden="true"
                className="select__indicator select__dropdown-indicator css-1xc3v61-indicatorContainer"
                onMouseDown={[Function]}
                onTouchEnd={[Function]}
              >
                <svg
                  aria-hidden="true"
                  className="css-tj5bde-Svg"
                  focusable="false"
                  height={20}
                  viewBox="0 0 20 20"
                  width={20}
                >
                  <path
                    d="M4.516 7.548c0.436-0.446 1.043-0.481 1.576 0l3.908 3.747 3.908-3.747c0.533-0.481 1.141-0.446 1.574 0 0.436 0.445 0.408 1.197 0 1.615-0.406 0.418-4.695 4.502-4.695 4.502-0.217 0.223-0.502 0.335-0.787 0.335s-0.57-0.112-0.789-0.335c0 0-4.287-4.084-4.695-4.502s-0.436-1.17 0-1.615z"
                  />
                </svg>
              </div>
            </div>
          </div>
          <div>
            <input
              name="multi-select"
              type="hidden"
              value=""
            />
          </div>
        </div>
      </div>
      <br />
      <h1>
        ---Hobby---
      </h1>
      <div
        data-testid="hobbie-1"
      >
        <div
          className="profileHobbiesTag"
        >
          <br />
          <div
            className="mw-100 d-flex justify-content-center flex-wrap"
            style={
              Object {
                "maxHeight": "31vh",
                "overflow": "auto",
              }
            }
          />
        </div>
      </div>
      <br />
      <h1>
        ---Profile visibility---
      </h1>
      <div
        data-testid="makePub-1"
      >
        <br />
        <label
          data-testid="makePub-2"
          style={
            Object {
              "display": "inline",
              "fontSize": 30,
              "padding": "0 10px 0 0",
            }
          }
        >
          Show me on UWConnect
        </label>
        <div
          style={
            Object {
              "MozTransition": "opacity 0.25s",
              "MozUserSelect": "none",
              "WebkitTapHighlightColor": "rgba(0, 0, 0, 0)",
              "WebkitTransition": "opacity 0.25s",
              "WebkitUserSelect": "none",
              "borderRadius": 10,
              "direction": "ltr",
              "display": "inline-block",
              "msUserSelect": "none",
              "opacity": 1,
              "position": "relative",
              "textAlign": "left",
              "touchAction": "none",
              "transition": "opacity 0.25s",
              "userSelect": "none",
            }
          }
        >
          <div
            className="react-switch-bg"
            onClick={[Function]}
            onMouseDown={[Function]}
            style={
              Object {
                "MozTransition": "background 0.25s",
                "WebkitTransition": "background 0.25s",
                "background": "#FFAC1C",
                "borderRadius": 10,
                "cursor": "pointer",
                "height": 20,
                "margin": 5,
                "position": "relative",
                "transition": "background 0.25s",
                "width": 48,
              }
            }
          />
          <div
            className="react-switch-handle"
            onClick={[Function]}
            onMouseDown={[Function]}
            onTouchCancel={[Function]}
            onTouchEnd={[Function]}
            onTouchMove={[Function]}
            onTouchStart={[Function]}
            style={
              Object {
                "MozTransition": "background-color 0.25s, transform 0.25s, box-shadow 0.15s",
                "WebkitTransition": "background-color 0.25s, transform 0.25s, box-shadow 0.15s",
                "background": "#FFAC1C",
                "border": 0,
                "borderRadius": "50%",
                "boxShadow": "0px 1px 5px rgba(0, 0, 0, 0.6)",
                "cursor": "pointer",
                "display": "inline-block",
                "height": 30,
                "outline": 0,
                "position": "absolute",
                "top": 0,
                "transform": "translateX(28px)",
                "transition": "background-color 0.25s, transform 0.25s, box-shadow 0.15s",
                "width": 30,
              }
            }
          />
          <input
            aria-checked={true}
            checked={true}
            disabled={false}
            display="inline"
            onBlur={[Function]}
            onChange={[Function]}
            onFocus={[Function]}
            onKeyUp={[Function]}
            role="switch"
            style={
              Object {
                "border": 0,
                "clip": "rect(0 0 0 0)",
                "height": 1,
                "margin": -1,
                "overflow": "hidden",
                "padding": 0,
                "position": "absolute",
                "width": 1,
              }
            }
            type="checkbox"
          />
        </div>
      </div>
      <br />
    </div>
  </div>
  <div
    className="row"
  >
    <div
      className="col-8 m-auto d-flex justify-content-center"
    >
      <p
        className="errorMsg"
      />
      <button
        className="btn btn-dark me-4"
        onClick={[Function]}
        type="button"
      >
        Cancel
      </button>
      <button
        className="btn btn-dark"
        onClick={[Function]}
        type="button"
      >
        Submit
      </button>
    </div>
  </div>
</div>
`;
